[41m                                  [45m                                            [5;46m                                       [0m               [0m
[41m                                  [45m                                            [5;46m                                       [0m               [0m
[41m                                  [45m                                            [5;46m                                       [0m               [0m
[41m                                  [45m                                            [5;46m                                       [0m               [0m
[41m                                  [45m                                            [5;46m                                       [0m               [0m
[41m                                  [45m                                            [5;46m                                       [0m               [0m
[41m                                  [45m                                            [5;46m                                       [0m               [0m
[41m                                  [45m                                            [5;46m                                       [0m               [0m
[41m                                  [45m                                            [5;46m                                       [0m               [0m
[41m                                  [45m                                            [5;46m                                       [0m               [0m
[41m                                  [45m                                            [5;46m                                       [0m               [0m
[41m                                  [45m                                            [5;46m                                       [0m               [0m
[41m                                  [45m                                            [5;46m                                       [0m               [0m
[41m                                  [45m                                            [5;46m                                       [0m               [0m
[41m                                  [45m                                            [5;46m                                       [0m               [0m
[41m                                  [45m                                            [5;46m                                       [0m               [0m
[42m                                        [0m [5;42m                                        [46m                                    [0m               [0m
[42m                                        [0m [5;42m                                        [46m                                    [0m               [0m
[42m                                        [0m [5;42m                                        [46m                                    [0m               [0m
[42m                                        [0m [5;42m                                        [46m                                    [0m               [0m
[42m                                        [0m [5;42m                                        [46m                                    [0m               [0m
[42m                                        [0m [5;42m                                        [46m                                    [0m               [0m
[42m                                        [0m [5;42m                                        [46m                                    [0m               [0m
[42m                                        [0m [5;42m                                        [46m                                    [0m               [0m
[42m                                        [0m [5;42m                                        [46m                                    [0m               [0m
[42m                                        [0m [5;42m                                        [46m                                    [0m               [0m
[42m                                        [0m [5;42m                                        [46m                                    [0m               [0m
[42m                                        [0m [5;42m                                        [46m                                    [0m               [0m
[42m                                        [0m [5;42m                                        [46m                                    [0m               [0m
[42m                                        [0m [5;42m                                        [46m                                    [0m               [0m
[42m                                        [0m [5;42m                                        [46m                                    [0m               [0m
[42m                                        [0m [5;42m                                        [46m                                    [0m               [0m
[42m                                        [5;45m [5;42m                                        [5;40m                                    [0m               [0m
[5;41m                                        [5;45m                                        [5;40m                                     [0m               [0m
[5;41m                                        [5;45m                                        [5;40m                                     [0m               [0m
[5;41m                                        [5;45m                                        [5;40m                                     [0m               [0m
[5;41m                                        [5;45m                                        [5;40m                                     [0m               [0m
[5;41m                                        [5;45m                                        [5;40m                                     [0m               [0m
[5;41m                                        [5;45m                                        [5;40m                                     [0m               [0m
[5;41m                                        [5;45m                                        [5;40m                                     [0m               [0m
[5;41m                                        [5;45m                                        [5;40m                                     [0m               [0m
[5;41m                                        [5;45m                                        [5;40m                                     [0m               [0m
[5;41m                                        [5;45m                                        [5;40m                                     [0m               [0m
[5;41m                                        [5;45m                                        [5;40m                                     [0m               [0m
[5;41m                                        [5;45m                                        [5;40m                                     [0m               [0m
[5;41m                                        [5;45m                                        [5;40m                                     [0m               [0m
[5;41m                                        [5;45m                                        [5;40m                                     [0m               [0m
[5;41m                                        [5;45m                                        [5;40m                                     [0m               [0m
[5;41m                                        [5;45m                                        [5;40m                                     [0m               [0m
[5;41m                                        [5;45m                                        [5;40m                                     [0m               [0m
SAUCE00DUNGEON! sector mask               grymmjack                               20260727›  „ 2       IBM VGA               